./gradlew : WARNING: A restricted method in java.lang.System has been called
At line:1 char:71
+ ... Auto"; ./gradlew clean; ./gradlew test 2>&1 > test_output.txt; Get-Co ...
+                             ~~~~~~~~~~~~~~~~~~~~~~~~~~~~~~~~~~~~~
    + CategoryInfo          : NotSpecified: (WARNING: A rest...has been called:String) [], RemoteException
    + FullyQualifiedErrorId : NativeCommandError
 
WARNING: java.lang.System::load has been called by net.rubygrapefruit.platform.internal.NativeLibraryLoader in an unnamed module 
(file:/C:/Users/Adrian%20Fajar/.gradle/wrapper/dists/gradle-9.2.0-bin/11i5gvueggl8a5cioxuftxrik/gradle-9.2.0/lib/native-platform-0.22-milestone-29.jar)
WARNING: Use --enable-native-access=ALL-UNNAMED to avoid a warning for callers in this module
WARNING: Restricted methods will be blocked in a future release unless native access is enabled

> Task :compileJava
> Task :processResources NO-SOURCE
> Task :classes
> Task :compileTestJava
> Task :processTestResources
> Task :testClasses
> Task :test

BUILD SUCCESSFUL in 19s
4 actionable tasks: 4 executed
Consider enabling configuration cache to speed up this build: https://docs.gradle.org/9.2.0/userguide/configuration_cache_enabling.html
